// Jest Snapshot v1, https://goo.gl/fbAQLP

exports[`<PostCard /> should match snapshot 1`] = `
<div>
  <div
    class="post"
  >
    <img
      alt="title1"
      src="img/img.png"
    />
    <div
      class="post-content"
    >
      <h2>
        title1
      </h2>
      <p>
        body 1
      </p>
    </div>
  </div>
</div>
`;
